Archive member included to satisfy reference by file (symbol)

/usr/lib/gcc/arm-none-eabi/13.2.1/thumb/v8-a/nofp/libgcc.a(_aeabi_uldivmod.o)
                              build/delay.o (__aeabi_uldivmod)
/usr/lib/gcc/arm-none-eabi/13.2.1/thumb/v8-a/nofp/libgcc.a(_udivmoddi4.o)
                              /usr/lib/gcc/arm-none-eabi/13.2.1/thumb/v8-a/nofp/libgcc.a(_aeabi_uldivmod.o) (__udivmoddi4)
/usr/lib/gcc/arm-none-eabi/13.2.1/thumb/v8-a/nofp/libgcc.a(_dvmd_tls.o)
                              /usr/lib/gcc/arm-none-eabi/13.2.1/thumb/v8-a/nofp/libgcc.a(_aeabi_uldivmod.o) (__aeabi_ldiv0)

Discarded input sections

 .ARM.attributes
                0x00000000       0x18 build/startup.o
 .comment       0x00000000       0x27 build/main.o
 .ARM.attributes
                0x00000000       0x33 build/main.o
 .comment       0x00000000       0x27 build/gentimer.o
 .ARM.attributes
                0x00000000       0x33 build/gentimer.o
 .comment       0x00000000       0x27 build/gic.o
 .ARM.attributes
                0x00000000       0x33 build/gic.o
 .comment       0x00000000       0x27 build/gpio.o
 .ARM.attributes
                0x00000000       0x33 build/gpio.o
 .comment       0x00000000       0x27 build/interrupts.o
 .ARM.attributes
                0x00000000       0x33 build/interrupts.o
 .comment       0x00000000       0x27 build/delay.o
 .ARM.attributes
                0x00000000       0x33 build/delay.o
 .debug_line    0x00000000       0x4e /usr/lib/gcc/arm-none-eabi/13.2.1/thumb/v8-a/nofp/libgcc.a(_aeabi_uldivmod.o)
 .debug_line_str
                0x00000000       0x93 /usr/lib/gcc/arm-none-eabi/13.2.1/thumb/v8-a/nofp/libgcc.a(_aeabi_uldivmod.o)
 .debug_info    0x00000000       0x24 /usr/lib/gcc/arm-none-eabi/13.2.1/thumb/v8-a/nofp/libgcc.a(_aeabi_uldivmod.o)
 .debug_abbrev  0x00000000       0x14 /usr/lib/gcc/arm-none-eabi/13.2.1/thumb/v8-a/nofp/libgcc.a(_aeabi_uldivmod.o)
 .debug_aranges
                0x00000000       0x20 /usr/lib/gcc/arm-none-eabi/13.2.1/thumb/v8-a/nofp/libgcc.a(_aeabi_uldivmod.o)
 .debug_str     0x00000000       0x9f /usr/lib/gcc/arm-none-eabi/13.2.1/thumb/v8-a/nofp/libgcc.a(_aeabi_uldivmod.o)
 .debug_frame   0x00000000       0x2c /usr/lib/gcc/arm-none-eabi/13.2.1/thumb/v8-a/nofp/libgcc.a(_aeabi_uldivmod.o)
 .ARM.attributes
                0x00000000       0x23 /usr/lib/gcc/arm-none-eabi/13.2.1/thumb/v8-a/nofp/libgcc.a(_aeabi_uldivmod.o)
 .ARM.extab     0x00000000        0x0 /usr/lib/gcc/arm-none-eabi/13.2.1/thumb/v8-a/nofp/libgcc.a(_udivmoddi4.o)
 .ARM.exidx     0x00000000        0x8 /usr/lib/gcc/arm-none-eabi/13.2.1/thumb/v8-a/nofp/libgcc.a(_udivmoddi4.o)
 .debug_info    0x00000000      0x6f5 /usr/lib/gcc/arm-none-eabi/13.2.1/thumb/v8-a/nofp/libgcc.a(_udivmoddi4.o)
 .debug_abbrev  0x00000000      0x16a /usr/lib/gcc/arm-none-eabi/13.2.1/thumb/v8-a/nofp/libgcc.a(_udivmoddi4.o)
 .debug_loclists
                0x00000000      0xa36 /usr/lib/gcc/arm-none-eabi/13.2.1/thumb/v8-a/nofp/libgcc.a(_udivmoddi4.o)
 .debug_aranges
                0x00000000       0x20 /usr/lib/gcc/arm-none-eabi/13.2.1/thumb/v8-a/nofp/libgcc.a(_udivmoddi4.o)
 .debug_rnglists
                0x00000000       0x8e /usr/lib/gcc/arm-none-eabi/13.2.1/thumb/v8-a/nofp/libgcc.a(_udivmoddi4.o)
 .debug_line    0x00000000      0x5f3 /usr/lib/gcc/arm-none-eabi/13.2.1/thumb/v8-a/nofp/libgcc.a(_udivmoddi4.o)
 .debug_str     0x00000000      0x67d /usr/lib/gcc/arm-none-eabi/13.2.1/thumb/v8-a/nofp/libgcc.a(_udivmoddi4.o)
 .comment       0x00000000       0x27 /usr/lib/gcc/arm-none-eabi/13.2.1/thumb/v8-a/nofp/libgcc.a(_udivmoddi4.o)
 .debug_frame   0x00000000       0x40 /usr/lib/gcc/arm-none-eabi/13.2.1/thumb/v8-a/nofp/libgcc.a(_udivmoddi4.o)
 .ARM.attributes
                0x00000000       0x33 /usr/lib/gcc/arm-none-eabi/13.2.1/thumb/v8-a/nofp/libgcc.a(_udivmoddi4.o)
 .debug_line    0x00000000       0x4a /usr/lib/gcc/arm-none-eabi/13.2.1/thumb/v8-a/nofp/libgcc.a(_dvmd_tls.o)
 .debug_line_str
                0x00000000       0x97 /usr/lib/gcc/arm-none-eabi/13.2.1/thumb/v8-a/nofp/libgcc.a(_dvmd_tls.o)
 .debug_info    0x00000000       0x3c /usr/lib/gcc/arm-none-eabi/13.2.1/thumb/v8-a/nofp/libgcc.a(_dvmd_tls.o)
 .debug_abbrev  0x00000000       0x26 /usr/lib/gcc/arm-none-eabi/13.2.1/thumb/v8-a/nofp/libgcc.a(_dvmd_tls.o)
 .debug_aranges
                0x00000000       0x20 /usr/lib/gcc/arm-none-eabi/13.2.1/thumb/v8-a/nofp/libgcc.a(_dvmd_tls.o)
 .debug_str     0x00000000       0xbf /usr/lib/gcc/arm-none-eabi/13.2.1/thumb/v8-a/nofp/libgcc.a(_dvmd_tls.o)
 .ARM.attributes
                0x00000000       0x23 /usr/lib/gcc/arm-none-eabi/13.2.1/thumb/v8-a/nofp/libgcc.a(_dvmd_tls.o)

Memory Configuration

Name             Origin             Length             Attributes
*default*        0x00000000         0xffffffff

Linker script and memory map

LOAD build/startup.o
LOAD build/main.o
LOAD build/gentimer.o
LOAD build/gic.o
LOAD build/gpio.o
LOAD build/interrupts.o
LOAD build/delay.o

.init           0x00008000      0x16c
 *(.init)
 .init          0x00008000      0x16c build/startup.o
                0x00008000                _start

.text           0x0000816c      0x5f0
                0x0000816c                        . = ALIGN (0x4)
 *(.text)
 .text          0x0000816c        0x0 build/startup.o
 .text          0x0000816c       0x94 build/main.o
                0x0000816c                kmain
                0x000081d0                timer_tick_handler
 .text          0x00008200       0x5c build/gentimer.o
                0x00008200                read_cntpct
                0x00008208                gentimer_init
 .text          0x0000825c       0x68 build/gic.o
                0x0000825c                gic_init
 .text          0x000082c4       0x74 build/gpio.o
                0x000082c4                gpio_set_output
                0x00008308                gpio_on
                0x00008320                gpio_off
 .text          0x00008338        0x0 build/interrupts.o
 .text          0x00008338       0x98 build/delay.o
                0x00008338                delay_init
                0x0000835c                delay_ms
 .text          0x000083d0       0x30 /usr/lib/gcc/arm-none-eabi/13.2.1/thumb/v8-a/nofp/libgcc.a(_aeabi_uldivmod.o)
                0x000083d0                __aeabi_uldivmod
 .text          0x00008400      0x358 /usr/lib/gcc/arm-none-eabi/13.2.1/thumb/v8-a/nofp/libgcc.a(_udivmoddi4.o)
                0x00008400                __udivmoddi4
 .text          0x00008758        0x4 /usr/lib/gcc/arm-none-eabi/13.2.1/thumb/v8-a/nofp/libgcc.a(_dvmd_tls.o)
                0x00008758                __aeabi_ldiv0
                0x00008758                __aeabi_idiv0
 *(.text.*)

.rodata         0x0000875c        0x0
                0x0000875c                        . = ALIGN (0x4)
 *(.rodata)
 *(.rodata.*)

.data           0x0000875c        0x1
                0x0000875c                        . = ALIGN (0x4)
 *(.data)
 .data          0x0000875c        0x0 build/startup.o
 .data          0x0000875c        0x1 build/main.o
 .data          0x0000875d        0x0 build/gentimer.o
 .data          0x0000875d        0x0 build/gic.o
 .data          0x0000875d        0x0 build/gpio.o
 .data          0x0000875d        0x0 build/interrupts.o
 .data          0x0000875d        0x0 build/delay.o
 .data          0x0000875d        0x0 /usr/lib/gcc/arm-none-eabi/13.2.1/thumb/v8-a/nofp/libgcc.a(_aeabi_uldivmod.o)
 .data          0x0000875d        0x0 /usr/lib/gcc/arm-none-eabi/13.2.1/thumb/v8-a/nofp/libgcc.a(_udivmoddi4.o)
 .data          0x0000875d        0x0 /usr/lib/gcc/arm-none-eabi/13.2.1/thumb/v8-a/nofp/libgcc.a(_dvmd_tls.o)

.bss            0x00008760        0xc
                0x00008760                        . = ALIGN (0x4)
                0x00008760                        _bss_start = .
 *(.bss)
 .bss           0x00008760        0x0 build/startup.o
 .bss           0x00008760        0x4 build/main.o
 .bss           0x00008764        0x4 build/gentimer.o
 .bss           0x00008768        0x0 build/gic.o
 .bss           0x00008768        0x0 build/gpio.o
 .bss           0x00008768        0x0 build/interrupts.o
 .bss           0x00008768        0x4 build/delay.o
 .bss           0x0000876c        0x0 /usr/lib/gcc/arm-none-eabi/13.2.1/thumb/v8-a/nofp/libgcc.a(_aeabi_uldivmod.o)
 .bss           0x0000876c        0x0 /usr/lib/gcc/arm-none-eabi/13.2.1/thumb/v8-a/nofp/libgcc.a(_udivmoddi4.o)
 .bss           0x0000876c        0x0 /usr/lib/gcc/arm-none-eabi/13.2.1/thumb/v8-a/nofp/libgcc.a(_dvmd_tls.o)
 *(COMMON)
                0x0000876c                        _bss_end = .

.stacks         0x0000876c     0x2a04
                0x00008770                        . = ALIGN (0x8)
 *fill*         0x0000876c        0x4 
                0x00008770                        _fiq_stack_bottom = .
                0x00008970                        . = (. + 0x200)
 *fill*         0x00008770      0x200 
                0x00008970                        _fiq_stack_top = .
                0x00008970                        _irq_stack_bottom = .
                0x00008d70                        . = (. + 0x400)
 *fill*         0x00008970      0x400 
                0x00008d70                        _irq_stack_top = .
                0x00008d70                        _abt_stack_bottom = .
                0x00008f70                        . = (. + 0x200)
 *fill*         0x00008d70      0x200 
                0x00008f70                        _abt_stack_top = .
                0x00008f70                        _und_stack_bottom = .
                0x00009170                        . = (. + 0x200)
 *fill*         0x00008f70      0x200 
                0x00009170                        _und_stack_top = .
                0x00009170                        _sys_stack_bottom = .
                0x0000a170                        . = (. + 0x1000)
 *fill*         0x00009170     0x1000 
                0x0000a170                        _sys_stack_top = .
                0x0000a170                        _svc_stack_bottom = .
                0x0000b170                        . = (. + 0x1000)
 *fill*         0x0000a170     0x1000 
                0x0000b170                        _svc_stack_top = .

/DISCARD/
 *(*)
LOAD /usr/lib/gcc/arm-none-eabi/13.2.1/thumb/v8-a/nofp/libgcc.a
OUTPUT(build/output.elf elf32-littlearm)
LOAD linker stubs
