Archive member included to satisfy reference by file (symbol)

/usr/lib/gcc/arm-none-eabi/13.2.1/thumb/v8-a/nofp/libgcc.a(_aeabi_uldivmod.o)
                              build/delay.o (__aeabi_uldivmod)
/usr/lib/gcc/arm-none-eabi/13.2.1/thumb/v8-a/nofp/libgcc.a(_udivmoddi4.o)
                              /usr/lib/gcc/arm-none-eabi/13.2.1/thumb/v8-a/nofp/libgcc.a(_aeabi_uldivmod.o) (__udivmoddi4)
/usr/lib/gcc/arm-none-eabi/13.2.1/thumb/v8-a/nofp/libgcc.a(_dvmd_tls.o)
                              /usr/lib/gcc/arm-none-eabi/13.2.1/thumb/v8-a/nofp/libgcc.a(_aeabi_uldivmod.o) (__aeabi_ldiv0)

Discarded input sections

 .ARM.attributes
                0x00000000       0x18 build/startup.o
 .comment       0x00000000       0x27 build/main.o
 .ARM.attributes
                0x00000000       0x33 build/main.o
 .comment       0x00000000       0x27 build/gentimer.o
 .ARM.attributes
                0x00000000       0x33 build/gentimer.o
 .comment       0x00000000       0x27 build/gic.o
 .ARM.attributes
                0x00000000       0x33 build/gic.o
 .comment       0x00000000       0x27 build/gpio.o
 .ARM.attributes
                0x00000000       0x33 build/gpio.o
 .comment       0x00000000       0x27 build/interrupts.o
 .ARM.attributes
                0x00000000       0x33 build/interrupts.o
 .comment       0x00000000       0x27 build/uart.o
 .ARM.attributes
                0x00000000       0x33 build/uart.o
 .comment       0x00000000       0x27 build/delay.o
 .ARM.attributes
                0x00000000       0x33 build/delay.o
 .comment       0x00000000       0x27 build/heap.o
 .ARM.attributes
                0x00000000       0x33 build/heap.o
 .comment       0x00000000       0x27 build/scheduler.o
 .ARM.attributes
                0x00000000       0x33 build/scheduler.o
 .comment       0x00000000       0x27 build/task.o
 .ARM.attributes
                0x00000000       0x33 build/task.o
 .debug_line    0x00000000       0x4e /usr/lib/gcc/arm-none-eabi/13.2.1/thumb/v8-a/nofp/libgcc.a(_aeabi_uldivmod.o)
 .debug_line_str
                0x00000000       0x93 /usr/lib/gcc/arm-none-eabi/13.2.1/thumb/v8-a/nofp/libgcc.a(_aeabi_uldivmod.o)
 .debug_info    0x00000000       0x24 /usr/lib/gcc/arm-none-eabi/13.2.1/thumb/v8-a/nofp/libgcc.a(_aeabi_uldivmod.o)
 .debug_abbrev  0x00000000       0x14 /usr/lib/gcc/arm-none-eabi/13.2.1/thumb/v8-a/nofp/libgcc.a(_aeabi_uldivmod.o)
 .debug_aranges
                0x00000000       0x20 /usr/lib/gcc/arm-none-eabi/13.2.1/thumb/v8-a/nofp/libgcc.a(_aeabi_uldivmod.o)
 .debug_str     0x00000000       0x9f /usr/lib/gcc/arm-none-eabi/13.2.1/thumb/v8-a/nofp/libgcc.a(_aeabi_uldivmod.o)
 .debug_frame   0x00000000       0x2c /usr/lib/gcc/arm-none-eabi/13.2.1/thumb/v8-a/nofp/libgcc.a(_aeabi_uldivmod.o)
 .ARM.attributes
                0x00000000       0x23 /usr/lib/gcc/arm-none-eabi/13.2.1/thumb/v8-a/nofp/libgcc.a(_aeabi_uldivmod.o)
 .ARM.extab     0x00000000        0x0 /usr/lib/gcc/arm-none-eabi/13.2.1/thumb/v8-a/nofp/libgcc.a(_udivmoddi4.o)
 .ARM.exidx     0x00000000        0x8 /usr/lib/gcc/arm-none-eabi/13.2.1/thumb/v8-a/nofp/libgcc.a(_udivmoddi4.o)
 .debug_info    0x00000000      0x6f5 /usr/lib/gcc/arm-none-eabi/13.2.1/thumb/v8-a/nofp/libgcc.a(_udivmoddi4.o)
 .debug_abbrev  0x00000000      0x16a /usr/lib/gcc/arm-none-eabi/13.2.1/thumb/v8-a/nofp/libgcc.a(_udivmoddi4.o)
 .debug_loclists
                0x00000000      0xa36 /usr/lib/gcc/arm-none-eabi/13.2.1/thumb/v8-a/nofp/libgcc.a(_udivmoddi4.o)
 .debug_aranges
                0x00000000       0x20 /usr/lib/gcc/arm-none-eabi/13.2.1/thumb/v8-a/nofp/libgcc.a(_udivmoddi4.o)
 .debug_rnglists
                0x00000000       0x8e /usr/lib/gcc/arm-none-eabi/13.2.1/thumb/v8-a/nofp/libgcc.a(_udivmoddi4.o)
 .debug_line    0x00000000      0x5f3 /usr/lib/gcc/arm-none-eabi/13.2.1/thumb/v8-a/nofp/libgcc.a(_udivmoddi4.o)
 .debug_str     0x00000000      0x67d /usr/lib/gcc/arm-none-eabi/13.2.1/thumb/v8-a/nofp/libgcc.a(_udivmoddi4.o)
 .comment       0x00000000       0x27 /usr/lib/gcc/arm-none-eabi/13.2.1/thumb/v8-a/nofp/libgcc.a(_udivmoddi4.o)
 .debug_frame   0x00000000       0x40 /usr/lib/gcc/arm-none-eabi/13.2.1/thumb/v8-a/nofp/libgcc.a(_udivmoddi4.o)
 .ARM.attributes
                0x00000000       0x33 /usr/lib/gcc/arm-none-eabi/13.2.1/thumb/v8-a/nofp/libgcc.a(_udivmoddi4.o)
 .debug_line    0x00000000       0x4a /usr/lib/gcc/arm-none-eabi/13.2.1/thumb/v8-a/nofp/libgcc.a(_dvmd_tls.o)
 .debug_line_str
                0x00000000       0x97 /usr/lib/gcc/arm-none-eabi/13.2.1/thumb/v8-a/nofp/libgcc.a(_dvmd_tls.o)
 .debug_info    0x00000000       0x3c /usr/lib/gcc/arm-none-eabi/13.2.1/thumb/v8-a/nofp/libgcc.a(_dvmd_tls.o)
 .debug_abbrev  0x00000000       0x26 /usr/lib/gcc/arm-none-eabi/13.2.1/thumb/v8-a/nofp/libgcc.a(_dvmd_tls.o)
 .debug_aranges
                0x00000000       0x20 /usr/lib/gcc/arm-none-eabi/13.2.1/thumb/v8-a/nofp/libgcc.a(_dvmd_tls.o)
 .debug_str     0x00000000       0xbf /usr/lib/gcc/arm-none-eabi/13.2.1/thumb/v8-a/nofp/libgcc.a(_dvmd_tls.o)
 .ARM.attributes
                0x00000000       0x23 /usr/lib/gcc/arm-none-eabi/13.2.1/thumb/v8-a/nofp/libgcc.a(_dvmd_tls.o)

Memory Configuration

Name             Origin             Length             Attributes
*default*        0x00000000         0xffffffff

Linker script and memory map

LOAD build/startup.o
LOAD build/main.o
LOAD build/gentimer.o
LOAD build/gic.o
LOAD build/gpio.o
LOAD build/interrupts.o
LOAD build/uart.o
LOAD build/delay.o
LOAD build/heap.o
LOAD build/scheduler.o
LOAD build/task.o

.init           0x00008000      0x1b8
 *(.init)
 .init          0x00008000      0x1b8 build/startup.o
                0x00008000                _start
                0x00008174                startFirstTask

.text           0x000081b8      0xeac
                0x000081b8                        . = ALIGN (0x4)
 *(.text)
 .text          0x000081b8        0x0 build/startup.o
 .text          0x000081b8      0x148 build/main.o
                0x000081b8                kmain
                0x00008254                timer_tick_handler
 .text          0x00008300       0x5c build/gentimer.o
                0x00008300                read_cntpct
                0x00008308                gentimer_init
 .text          0x0000835c       0x68 build/gic.o
                0x0000835c                gic_init
 .text          0x000083c4       0xd8 build/gpio.o
                0x000083c4                gpio_set_function
                0x00008404                gpio_set_pull
                0x00008430                gpio_on
                0x00008454                gpio_off
                0x00008478                gpio_read
 .text          0x0000849c        0x0 build/interrupts.o
 .text          0x0000849c      0x4dc build/uart.o
                0x00008534                uart_init
                0x0000862c                uart_tx
                0x00008648                uart_rx
                0x00008668                uart_rx_nonblocking
                0x0000868c                uart_print
                0x000086c0                uart_printf
 .text          0x00008978       0x98 build/delay.o
                0x00008978                delay_init
                0x0000899c                delay_ms
 .text          0x00008a10       0x3c build/heap.o
                0x00008a10                heap_malloc
 .text          0x00008a4c      0x150 build/scheduler.o
                0x00008a4c                scheduler_init
                0x00008a84                addToReadyList
                0x00008ae8                schedulerSwitchContext
                0x00008b64                schedulerStart
 .text          0x00008b9c      0x13c build/task.o
                0x00008b9c                task_create
 .text          0x00008cd8       0x30 /usr/lib/gcc/arm-none-eabi/13.2.1/thumb/v8-a/nofp/libgcc.a(_aeabi_uldivmod.o)
                0x00008cd8                __aeabi_uldivmod
 .text          0x00008d08      0x358 /usr/lib/gcc/arm-none-eabi/13.2.1/thumb/v8-a/nofp/libgcc.a(_udivmoddi4.o)
                0x00008d08                __udivmoddi4
 .text          0x00009060        0x4 /usr/lib/gcc/arm-none-eabi/13.2.1/thumb/v8-a/nofp/libgcc.a(_dvmd_tls.o)
                0x00009060                __aeabi_ldiv0
                0x00009060                __aeabi_idiv0
 *(.text.*)

.rodata         0x00009064       0xad
                0x00009064                        . = ALIGN (0x4)
 *(.rodata)
 *(.rodata.*)
 .rodata.str1.4
                0x00009064       0xad build/main.o
                                 0x71 (size before relaxing)
 .rodata.str1.4
                0x00009111       0x39 build/uart.o

.data           0x00009111        0x4
                0x00009114                        . = ALIGN (0x4)
 *fill*         0x00009111        0x3 
 *(.data)
 .data          0x00009114        0x0 build/startup.o
 .data          0x00009114        0x1 build/main.o
 .data          0x00009115        0x0 build/gentimer.o
 .data          0x00009115        0x0 build/gic.o
 .data          0x00009115        0x0 build/gpio.o
 .data          0x00009115        0x0 build/interrupts.o
 .data          0x00009115        0x0 build/uart.o
 .data          0x00009115        0x0 build/delay.o
 .data          0x00009115        0x0 build/heap.o
 .data          0x00009115        0x0 build/scheduler.o
 .data          0x00009115        0x0 build/task.o
 .data          0x00009115        0x0 /usr/lib/gcc/arm-none-eabi/13.2.1/thumb/v8-a/nofp/libgcc.a(_aeabi_uldivmod.o)
 .data          0x00009115        0x0 /usr/lib/gcc/arm-none-eabi/13.2.1/thumb/v8-a/nofp/libgcc.a(_udivmoddi4.o)
 .data          0x00009115        0x0 /usr/lib/gcc/arm-none-eabi/13.2.1/thumb/v8-a/nofp/libgcc.a(_dvmd_tls.o)

.bss            0x00009118     0x2036
                0x00009118                        . = ALIGN (0x4)
                0x00009118                        _bss_start = .
 *(.bss)
 .bss           0x00009118        0x0 build/startup.o
 .bss           0x00009118        0x8 build/main.o
 .bss           0x00009120        0x4 build/gentimer.o
 .bss           0x00009124        0x0 build/gic.o
 .bss           0x00009124        0x0 build/gpio.o
 .bss           0x00009124        0x0 build/interrupts.o
 .bss           0x00009124        0x0 build/uart.o
 .bss           0x00009124        0x4 build/delay.o
 .bss           0x00009128     0x2004 build/heap.o
 *fill*         0x0000b12c        0x4 
 .bss           0x0000b130       0x1c build/scheduler.o
                0x0000b148                p_task_control_block
 .bss           0x0000b14c        0x2 build/task.o
 .bss           0x0000b14e        0x0 /usr/lib/gcc/arm-none-eabi/13.2.1/thumb/v8-a/nofp/libgcc.a(_aeabi_uldivmod.o)
 .bss           0x0000b14e        0x0 /usr/lib/gcc/arm-none-eabi/13.2.1/thumb/v8-a/nofp/libgcc.a(_udivmoddi4.o)
 .bss           0x0000b14e        0x0 /usr/lib/gcc/arm-none-eabi/13.2.1/thumb/v8-a/nofp/libgcc.a(_dvmd_tls.o)
 *(COMMON)
                0x0000b14e                        _bss_end = .

.stacks         0x0000b14e     0x2a02
                0x0000b150                        . = ALIGN (0x8)
 *fill*         0x0000b14e        0x2 
                0x0000b150                        _fiq_stack_bottom = .
                0x0000b350                        . = (. + 0x200)
 *fill*         0x0000b150      0x200 
                0x0000b350                        _fiq_stack_top = .
                0x0000b350                        _irq_stack_bottom = .
                0x0000b750                        . = (. + 0x400)
 *fill*         0x0000b350      0x400 
                0x0000b750                        _irq_stack_top = .
                0x0000b750                        _abt_stack_bottom = .
                0x0000b950                        . = (. + 0x200)
 *fill*         0x0000b750      0x200 
                0x0000b950                        _abt_stack_top = .
                0x0000b950                        _und_stack_bottom = .
                0x0000bb50                        . = (. + 0x200)
 *fill*         0x0000b950      0x200 
                0x0000bb50                        _und_stack_top = .
                0x0000bb50                        _sys_stack_bottom = .
                0x0000cb50                        . = (. + 0x1000)
 *fill*         0x0000bb50     0x1000 
                0x0000cb50                        _sys_stack_top = .
                0x0000cb50                        _svc_stack_bottom = .
                0x0000db50                        . = (. + 0x1000)
 *fill*         0x0000cb50     0x1000 
                0x0000db50                        _svc_stack_top = .

/DISCARD/
 *(*)
LOAD /usr/lib/gcc/arm-none-eabi/13.2.1/thumb/v8-a/nofp/libgcc.a
OUTPUT(build/output.elf elf32-littlearm)
LOAD linker stubs
