Archive member included to satisfy reference by file (symbol)

/usr/lib/gcc/arm-none-eabi/13.2.1/thumb/v8-a/nofp/libgcc.a(_aeabi_uldivmod.o)
                              build/delay.o (__aeabi_uldivmod)
/usr/lib/gcc/arm-none-eabi/13.2.1/thumb/v8-a/nofp/libgcc.a(_udivmoddi4.o)
                              /usr/lib/gcc/arm-none-eabi/13.2.1/thumb/v8-a/nofp/libgcc.a(_aeabi_uldivmod.o) (__udivmoddi4)
/usr/lib/gcc/arm-none-eabi/13.2.1/thumb/v8-a/nofp/libgcc.a(_dvmd_tls.o)
                              /usr/lib/gcc/arm-none-eabi/13.2.1/thumb/v8-a/nofp/libgcc.a(_aeabi_uldivmod.o) (__aeabi_ldiv0)

Discarded input sections

 .ARM.attributes
                0x00000000       0x18 build/startup.o
 .comment       0x00000000       0x27 build/main.o
 .ARM.attributes
                0x00000000       0x33 build/main.o
 .comment       0x00000000       0x27 build/gentimer.o
 .ARM.attributes
                0x00000000       0x33 build/gentimer.o
 .comment       0x00000000       0x27 build/gic.o
 .ARM.attributes
                0x00000000       0x33 build/gic.o
 .comment       0x00000000       0x27 build/gpio.o
 .ARM.attributes
                0x00000000       0x33 build/gpio.o
 .comment       0x00000000       0x27 build/interrupts.o
 .ARM.attributes
                0x00000000       0x33 build/interrupts.o
 .comment       0x00000000       0x27 build/uart.o
 .ARM.attributes
                0x00000000       0x33 build/uart.o
 .comment       0x00000000       0x27 build/delay.o
 .ARM.attributes
                0x00000000       0x33 build/delay.o
 .debug_line    0x00000000       0x4e /usr/lib/gcc/arm-none-eabi/13.2.1/thumb/v8-a/nofp/libgcc.a(_aeabi_uldivmod.o)
 .debug_line_str
                0x00000000       0x93 /usr/lib/gcc/arm-none-eabi/13.2.1/thumb/v8-a/nofp/libgcc.a(_aeabi_uldivmod.o)
 .debug_info    0x00000000       0x24 /usr/lib/gcc/arm-none-eabi/13.2.1/thumb/v8-a/nofp/libgcc.a(_aeabi_uldivmod.o)
 .debug_abbrev  0x00000000       0x14 /usr/lib/gcc/arm-none-eabi/13.2.1/thumb/v8-a/nofp/libgcc.a(_aeabi_uldivmod.o)
 .debug_aranges
                0x00000000       0x20 /usr/lib/gcc/arm-none-eabi/13.2.1/thumb/v8-a/nofp/libgcc.a(_aeabi_uldivmod.o)
 .debug_str     0x00000000       0x9f /usr/lib/gcc/arm-none-eabi/13.2.1/thumb/v8-a/nofp/libgcc.a(_aeabi_uldivmod.o)
 .debug_frame   0x00000000       0x2c /usr/lib/gcc/arm-none-eabi/13.2.1/thumb/v8-a/nofp/libgcc.a(_aeabi_uldivmod.o)
 .ARM.attributes
                0x00000000       0x23 /usr/lib/gcc/arm-none-eabi/13.2.1/thumb/v8-a/nofp/libgcc.a(_aeabi_uldivmod.o)
 .ARM.extab     0x00000000        0x0 /usr/lib/gcc/arm-none-eabi/13.2.1/thumb/v8-a/nofp/libgcc.a(_udivmoddi4.o)
 .ARM.exidx     0x00000000        0x8 /usr/lib/gcc/arm-none-eabi/13.2.1/thumb/v8-a/nofp/libgcc.a(_udivmoddi4.o)
 .debug_info    0x00000000      0x6f5 /usr/lib/gcc/arm-none-eabi/13.2.1/thumb/v8-a/nofp/libgcc.a(_udivmoddi4.o)
 .debug_abbrev  0x00000000      0x16a /usr/lib/gcc/arm-none-eabi/13.2.1/thumb/v8-a/nofp/libgcc.a(_udivmoddi4.o)
 .debug_loclists
                0x00000000      0xa36 /usr/lib/gcc/arm-none-eabi/13.2.1/thumb/v8-a/nofp/libgcc.a(_udivmoddi4.o)
 .debug_aranges
                0x00000000       0x20 /usr/lib/gcc/arm-none-eabi/13.2.1/thumb/v8-a/nofp/libgcc.a(_udivmoddi4.o)
 .debug_rnglists
                0x00000000       0x8e /usr/lib/gcc/arm-none-eabi/13.2.1/thumb/v8-a/nofp/libgcc.a(_udivmoddi4.o)
 .debug_line    0x00000000      0x5f3 /usr/lib/gcc/arm-none-eabi/13.2.1/thumb/v8-a/nofp/libgcc.a(_udivmoddi4.o)
 .debug_str     0x00000000      0x67d /usr/lib/gcc/arm-none-eabi/13.2.1/thumb/v8-a/nofp/libgcc.a(_udivmoddi4.o)
 .comment       0x00000000       0x27 /usr/lib/gcc/arm-none-eabi/13.2.1/thumb/v8-a/nofp/libgcc.a(_udivmoddi4.o)
 .debug_frame   0x00000000       0x40 /usr/lib/gcc/arm-none-eabi/13.2.1/thumb/v8-a/nofp/libgcc.a(_udivmoddi4.o)
 .ARM.attributes
                0x00000000       0x33 /usr/lib/gcc/arm-none-eabi/13.2.1/thumb/v8-a/nofp/libgcc.a(_udivmoddi4.o)
 .debug_line    0x00000000       0x4a /usr/lib/gcc/arm-none-eabi/13.2.1/thumb/v8-a/nofp/libgcc.a(_dvmd_tls.o)
 .debug_line_str
                0x00000000       0x97 /usr/lib/gcc/arm-none-eabi/13.2.1/thumb/v8-a/nofp/libgcc.a(_dvmd_tls.o)
 .debug_info    0x00000000       0x3c /usr/lib/gcc/arm-none-eabi/13.2.1/thumb/v8-a/nofp/libgcc.a(_dvmd_tls.o)
 .debug_abbrev  0x00000000       0x26 /usr/lib/gcc/arm-none-eabi/13.2.1/thumb/v8-a/nofp/libgcc.a(_dvmd_tls.o)
 .debug_aranges
                0x00000000       0x20 /usr/lib/gcc/arm-none-eabi/13.2.1/thumb/v8-a/nofp/libgcc.a(_dvmd_tls.o)
 .debug_str     0x00000000       0xbf /usr/lib/gcc/arm-none-eabi/13.2.1/thumb/v8-a/nofp/libgcc.a(_dvmd_tls.o)
 .ARM.attributes
                0x00000000       0x23 /usr/lib/gcc/arm-none-eabi/13.2.1/thumb/v8-a/nofp/libgcc.a(_dvmd_tls.o)

Memory Configuration

Name             Origin             Length             Attributes
*default*        0x00000000         0xffffffff

Linker script and memory map

LOAD build/startup.o
LOAD build/main.o
LOAD build/gentimer.o
LOAD build/gic.o
LOAD build/gpio.o
LOAD build/interrupts.o
LOAD build/uart.o
LOAD build/delay.o

.init           0x00008000      0x16c
 *(.init)
 .init          0x00008000      0x16c build/startup.o
                0x00008000                _start

.text           0x0000816c      0xbdc
                0x0000816c                        . = ALIGN (0x4)
 *(.text)
 .text          0x0000816c        0x0 build/startup.o
 .text          0x0000816c      0x140 build/main.o
                0x0000816c                kmain
                0x00008200                timer_tick_handler
 .text          0x000082ac       0x5c build/gentimer.o
                0x000082ac                read_cntpct
                0x000082b4                gentimer_init
 .text          0x00008308       0x68 build/gic.o
                0x00008308                gic_init
 .text          0x00008370       0xd8 build/gpio.o
                0x00008370                gpio_set_function
                0x000083b0                gpio_set_pull
                0x000083dc                gpio_on
                0x00008400                gpio_off
                0x00008424                gpio_read
 .text          0x00008448        0x0 build/interrupts.o
 .text          0x00008448      0x4dc build/uart.o
                0x000084e0                uart_init
                0x000085d8                uart_tx
                0x000085f4                uart_rx
                0x00008614                uart_rx_nonblocking
                0x00008638                uart_print
                0x0000866c                uart_printf
 .text          0x00008924       0x98 build/delay.o
                0x00008924                delay_init
                0x00008948                delay_ms
 .text          0x000089bc       0x30 /usr/lib/gcc/arm-none-eabi/13.2.1/thumb/v8-a/nofp/libgcc.a(_aeabi_uldivmod.o)
                0x000089bc                __aeabi_uldivmod
 .text          0x000089ec      0x358 /usr/lib/gcc/arm-none-eabi/13.2.1/thumb/v8-a/nofp/libgcc.a(_udivmoddi4.o)
                0x000089ec                __udivmoddi4
 .text          0x00008d44        0x4 /usr/lib/gcc/arm-none-eabi/13.2.1/thumb/v8-a/nofp/libgcc.a(_dvmd_tls.o)
                0x00008d44                __aeabi_ldiv0
                0x00008d44                __aeabi_idiv0
 *(.text.*)

.rodata         0x00008d48       0x91
                0x00008d48                        . = ALIGN (0x4)
 *(.rodata)
 *(.rodata.*)
 .rodata.str1.4
                0x00008d48       0x91 build/main.o
                                 0x55 (size before relaxing)
 .rodata.str1.4
                0x00008dd9       0x39 build/uart.o

.data           0x00008dd9        0x4
                0x00008ddc                        . = ALIGN (0x4)
 *fill*         0x00008dd9        0x3 
 *(.data)
 .data          0x00008ddc        0x0 build/startup.o
 .data          0x00008ddc        0x1 build/main.o
 .data          0x00008ddd        0x0 build/gentimer.o
 .data          0x00008ddd        0x0 build/gic.o
 .data          0x00008ddd        0x0 build/gpio.o
 .data          0x00008ddd        0x0 build/interrupts.o
 .data          0x00008ddd        0x0 build/uart.o
 .data          0x00008ddd        0x0 build/delay.o
 .data          0x00008ddd        0x0 /usr/lib/gcc/arm-none-eabi/13.2.1/thumb/v8-a/nofp/libgcc.a(_aeabi_uldivmod.o)
 .data          0x00008ddd        0x0 /usr/lib/gcc/arm-none-eabi/13.2.1/thumb/v8-a/nofp/libgcc.a(_udivmoddi4.o)
 .data          0x00008ddd        0x0 /usr/lib/gcc/arm-none-eabi/13.2.1/thumb/v8-a/nofp/libgcc.a(_dvmd_tls.o)

.bss            0x00008de0       0x10
                0x00008de0                        . = ALIGN (0x4)
                0x00008de0                        _bss_start = .
 *(.bss)
 .bss           0x00008de0        0x0 build/startup.o
 .bss           0x00008de0        0x8 build/main.o
 .bss           0x00008de8        0x4 build/gentimer.o
 .bss           0x00008dec        0x0 build/gic.o
 .bss           0x00008dec        0x0 build/gpio.o
 .bss           0x00008dec        0x0 build/interrupts.o
 .bss           0x00008dec        0x0 build/uart.o
 .bss           0x00008dec        0x4 build/delay.o
 .bss           0x00008df0        0x0 /usr/lib/gcc/arm-none-eabi/13.2.1/thumb/v8-a/nofp/libgcc.a(_aeabi_uldivmod.o)
 .bss           0x00008df0        0x0 /usr/lib/gcc/arm-none-eabi/13.2.1/thumb/v8-a/nofp/libgcc.a(_udivmoddi4.o)
 .bss           0x00008df0        0x0 /usr/lib/gcc/arm-none-eabi/13.2.1/thumb/v8-a/nofp/libgcc.a(_dvmd_tls.o)
 *(COMMON)
                0x00008df0                        _bss_end = .

.stacks         0x00008df0     0x2a00
                0x00008df0                        . = ALIGN (0x8)
                0x00008df0                        _fiq_stack_bottom = .
                0x00008ff0                        . = (. + 0x200)
 *fill*         0x00008df0      0x200 
                0x00008ff0                        _fiq_stack_top = .
                0x00008ff0                        _irq_stack_bottom = .
                0x000093f0                        . = (. + 0x400)
 *fill*         0x00008ff0      0x400 
                0x000093f0                        _irq_stack_top = .
                0x000093f0                        _abt_stack_bottom = .
                0x000095f0                        . = (. + 0x200)
 *fill*         0x000093f0      0x200 
                0x000095f0                        _abt_stack_top = .
                0x000095f0                        _und_stack_bottom = .
                0x000097f0                        . = (. + 0x200)
 *fill*         0x000095f0      0x200 
                0x000097f0                        _und_stack_top = .
                0x000097f0                        _sys_stack_bottom = .
                0x0000a7f0                        . = (. + 0x1000)
 *fill*         0x000097f0     0x1000 
                0x0000a7f0                        _sys_stack_top = .
                0x0000a7f0                        _svc_stack_bottom = .
                0x0000b7f0                        . = (. + 0x1000)
 *fill*         0x0000a7f0     0x1000 
                0x0000b7f0                        _svc_stack_top = .

/DISCARD/
 *(*)
LOAD /usr/lib/gcc/arm-none-eabi/13.2.1/thumb/v8-a/nofp/libgcc.a
OUTPUT(build/output.elf elf32-littlearm)
LOAD linker stubs
